[0m13:53:02.813482 [debug] [MainThread]: Sending event: {'category': 'dbt', 'action': 'invocation', 'label': 'start', 'context': [<snowplow_tracker.self_describing_json.SelfDescribingJson object at 0x70e3818d7cb0>, <snowplow_tracker.self_describing_json.SelfDescribingJson object at 0x70e3834ac050>, <snowplow_tracker.self_describing_json.SelfDescribingJson object at 0x70e3808bf9d0>]}


============================== 13:53:02.825131 | e0427554-7788-4bd3-9836-e2323db1fd9c ==============================
[0m13:53:02.825131 [info ] [MainThread]: Running with dbt=1.11.7
[0m13:53:02.825996 [debug] [MainThread]: running dbt with arguments {'invocation_command': 'dbt init --skip-profile-setup airbnb', 'cache_selected_only': 'False', 'use_colors': 'True', 'indirect_selection': 'eager', 'log_format': 'default', 'send_anonymous_usage_stats': 'True', 'target_path': 'None', 'fail_fast': 'False', 'static_parser': 'True', 'log_path': 'logs', 'no_print': 'None', 'warn_error_options': 'WarnErrorOptionsV2(error=[], warn=[], silence=[])', 'empty': 'None', 'introspect': 'True', 'printer_width': '80', 'quiet': 'False', 'use_experimental_parser': 'False', 'warn_error': 'None', 'write_json': 'True', 'log_cache_events': 'False', 'version_check': 'True', 'debug': 'False', 'profiles_dir': '/home/vscode/.dbt', 'partial_parse': 'True'}
[0m13:53:02.918408 [info ] [MainThread]: Creating dbt configuration folder at /home/vscode/.dbt
[0m13:53:02.920814 [debug] [MainThread]: Starter project path: /workspaces/course/.venv/lib/python3.13/site-packages/dbt/include/starter_project
[0m13:53:02.924671 [info ] [MainThread]: 
Your new dbt project "airbnb" was created!

For more information on how to configure the profiles.yml file,
please consult the dbt documentation here:

  https://docs.getdbt.com/docs/configure-your-profile

One more thing:

Need help? Don't hesitate to reach out to us via GitHub issues or on Slack:

  https://community.getdbt.com/

Happy modeling!

[0m13:53:02.927193 [debug] [MainThread]: Resource report: {"command_name": "init", "command_success": true, "command_wall_clock_time": 0.18103342, "process_in_blocks": "744", "process_kernel_time": 0.13381, "process_mem_max_rss": "105048", "process_out_blocks": "744", "process_user_time": 1.630503}
[0m13:53:02.927997 [debug] [MainThread]: Command `dbt init` succeeded at 13:53:02.927844 after 0.18 seconds
[0m13:53:02.928574 [debug] [MainThread]: Sending event: {'category': 'dbt', 'action': 'invocation', 'label': 'end', 'context': [<snowplow_tracker.self_describing_json.SelfDescribingJson object at 0x70e380718180>, <snowplow_tracker.self_describing_json.SelfDescribingJson object at 0x70e38062e690>, <snowplow_tracker.self_describing_json.SelfDescribingJson object at 0x70e3806bc050>]}
[0m13:53:02.929155 [debug] [MainThread]: Flushing usage events
[0m13:53:03.309168 [debug] [MainThread]: An error was encountered while trying to flush usage events
[0m13:57:36.532032 [debug] [MainThread]: Sending event: {'category': 'dbt', 'action': 'invocation', 'label': 'start', 'context': [<snowplow_tracker.self_describing_json.SelfDescribingJson object at 0x78834b9c7cb0>, <snowplow_tracker.self_describing_json.SelfDescribingJson object at 0x78834d4f0050>, <snowplow_tracker.self_describing_json.SelfDescribingJson object at 0x78834a9cb9d0>]}


============================== 13:57:36.543779 | 81455f16-bf86-402f-b8e8-e77e524c070b ==============================
[0m13:57:36.543779 [info ] [MainThread]: Running with dbt=1.11.7
[0m13:57:36.544603 [debug] [MainThread]: running dbt with arguments {'debug': 'False', 'log_format': 'default', 'invocation_command': 'dbt debug', 'version_check': 'True', 'quiet': 'False', 'empty': 'None', 'no_print': 'None', 'use_experimental_parser': 'False', 'cache_selected_only': 'False', 'indirect_selection': 'eager', 'use_colors': 'True', 'log_path': 'logs', 'static_parser': 'True', 'fail_fast': 'False', 'printer_width': '80', 'profiles_dir': '/home/vscode/.dbt', 'send_anonymous_usage_stats': 'True', 'write_json': 'True', 'introspect': 'True', 'log_cache_events': 'False', 'target_path': 'None', 'warn_error': 'None', 'partial_parse': 'True', 'warn_error_options': 'WarnErrorOptionsV2(error=[], warn=[], silence=[])'}
[0m13:57:36.565656 [info ] [MainThread]: dbt version: 1.11.7
[0m13:57:36.566490 [info ] [MainThread]: python version: 3.13.6
[0m13:57:36.567182 [info ] [MainThread]: python path: /workspaces/course/.venv/bin/python
[0m13:57:36.567798 [info ] [MainThread]: os info: Linux-6.8.0-1044-azure-x86_64-with-glibc2.31
[0m13:57:36.568560 [info ] [MainThread]: Using profiles dir at /home/vscode/.dbt
[0m13:57:36.569177 [info ] [MainThread]: Using profiles.yml file at /home/vscode/.dbt/profiles.yml
[0m13:57:36.569813 [info ] [MainThread]: Using dbt_project.yml file at /workspaces/course/dbt_project.yml
[0m13:57:36.570424 [info ] [MainThread]: Configuration:
[0m13:57:36.570926 [info ] [MainThread]:   profiles.yml file [[31mERROR not found[0m]
[0m13:57:36.571368 [info ] [MainThread]:   dbt_project.yml file [[31mERROR not found[0m]
[0m13:57:36.571825 [info ] [MainThread]: Required dependencies:
[0m13:57:36.572275 [debug] [MainThread]: Executing "git --help"
[0m13:57:36.576021 [debug] [MainThread]: STDOUT: "b"usage: git [-v | --version] [-h | --help] [-C <path>] [-c <name>=<value>]\n           [--exec-path[=<path>]] [--html-path] [--man-path] [--info-path]\n           [-p | --paginate | -P | --no-pager] [--no-replace-objects] [--no-lazy-fetch]\n           [--no-optional-locks] [--no-advice] [--bare] [--git-dir=<path>]\n           [--work-tree=<path>] [--namespace=<name>] [--config-env=<name>=<envvar>]\n           <command> [<args>]\n\nThese are common Git commands used in various situations:\n\nstart a working area (see also: git help tutorial)\n   clone      Clone a repository into a new directory\n   init       Create an empty Git repository or reinitialize an existing one\n\nwork on the current change (see also: git help everyday)\n   add        Add file contents to the index\n   mv         Move or rename a file, a directory, or a symlink\n   restore    Restore working tree files\n   rm         Remove files from the working tree and from the index\n\nexamine the history and state (see also: git help revisions)\n   bisect     Use binary search to find the commit that introduced a bug\n   diff       Show changes between commits, commit and working tree, etc\n   grep       Print lines matching a pattern\n   log        Show commit logs\n   show       Show various types of objects\n   status     Show the working tree status\n\ngrow, mark and tweak your common history\n   backfill   Download missing objects in a partial clone\n   branch     List, create, or delete branches\n   commit     Record changes to the repository\n   merge      Join two or more development histories together\n   rebase     Reapply commits on top of another base tip\n   reset      Reset current HEAD to the specified state\n   switch     Switch branches\n   tag        Create, list, delete or verify a tag object signed with GPG\n\ncollaborate (see also: git help workflows)\n   fetch      Download objects and refs from another repository\n   pull       Fetch from and integrate with another repository or a local branch\n   push       Update remote refs along with associated objects\n\n'git help -a' and 'git help -g' list available subcommands and some\nconcept guides. See 'git help <command>' or 'git help <concept>'\nto read about a specific subcommand or concept.\nSee 'git help git' for an overview of the system.\n""
[0m13:57:36.577361 [debug] [MainThread]: STDERR: "b''"
[0m13:57:36.577896 [info ] [MainThread]:  - git [[32mOK found[0m]

[0m13:57:36.578334 [info ] [MainThread]: Connection test skipped since no profile was found
[0m13:57:36.579200 [info ] [MainThread]: [31m2 checks failed:[0m
[0m13:57:36.579946 [info ] [MainThread]: dbt looked for a profiles.yml file in /home/vscode/.dbt/profiles.yml, but did
not find one. For more information on configuring your profile, consult the
documentation:

https://docs.getdbt.com/docs/configure-your-profile


[0m13:57:36.580805 [info ] [MainThread]: Project loading failed for the following reason:
 project path </workspaces/course/dbt_project.yml> not found

[0m13:57:36.581704 [debug] [MainThread]: Resource report: {"command_name": "debug", "command_success": false, "command_wall_clock_time": 0.1250331, "process_in_blocks": "48", "process_kernel_time": 0.14124, "process_mem_max_rss": "103732", "process_out_blocks": "80", "process_user_time": 1.709699}
[0m13:57:36.582211 [debug] [MainThread]: Command `dbt debug` failed at 13:57:36.582107 after 0.13 seconds
[0m13:57:36.582565 [debug] [MainThread]: Sending event: {'category': 'dbt', 'action': 'invocation', 'label': 'end', 'context': [<snowplow_tracker.self_describing_json.SelfDescribingJson object at 0x78834a9862c0>, <snowplow_tracker.self_describing_json.SelfDescribingJson object at 0x78834a891fd0>, <snowplow_tracker.self_describing_json.SelfDescribingJson object at 0x78834a7a9040>]}
[0m13:57:36.582986 [debug] [MainThread]: Flushing usage events
[0m13:57:36.957404 [debug] [MainThread]: An error was encountered while trying to flush usage events
